Loading weights:   0%|          | 0/103 [00:00<?, ?it/s]Loading weights: 100%|██████████| 103/103 [00:00<00:00, 5486.44it/s]
Loading weights:   0%|          | 0/199 [00:00<?, ?it/s]Loading weights: 100%|██████████| 199/199 [00:00<00:00, 6499.35it/s]
[transformers] [1mBertModel LOAD REPORT[0m from: bert-base-uncased
Key                                        | Status     |  | 
-------------------------------------------+------------+--+-
cls.seq_relationship.weight                | UNEXPECTED |  | 
cls.predictions.bias                       | UNEXPECTED |  | 
cls.predictions.transform.LayerNorm.weight | UNEXPECTED |  | 
cls.seq_relationship.bias                  | UNEXPECTED |  | 
cls.predictions.transform.dense.bias       | UNEXPECTED |  | 
cls.predictions.transform.LayerNorm.bias   | UNEXPECTED |  | 
cls.predictions.transform.dense.weight     | UNEXPECTED |  | 

Notes:
- UNEXPECTED:	can be ignored when loading from different task/architecture; not ok if you expect identical arch.
[nltk_data] Downloading package punkt to /home/azureuser/nltk_data...
[nltk_data]   Package punkt is already up-to-date!
[nltk_data] Downloading package stopwords to
[nltk_data]     /home/azureuser/nltk_data...
[nltk_data]   Package stopwords is already up-to-date!
[nltk_data] Downloading package punkt to /home/azureuser/nltk_data...
[nltk_data]   Package punkt is already up-to-date!
[nltk_data] Downloading package stopwords to
[nltk_data]     /home/azureuser/nltk_data...
[nltk_data]   Package stopwords is already up-to-date!
[nltk_data] Downloading package averaged_perceptron_tagger to
[nltk_data]     /home/azureuser/nltk_data...
[nltk_data]   Package averaged_perceptron_tagger is already up-to-
[nltk_data]       date!
0it [00:00, ?it/s]config.theme:  Translate
gradient:  {'Characteristic': 1, 'Argument': 1, 'Structure': 1, 'Style': 1, 'Tone': 1, 'Sentence Type': 1, 'Audience': 1, 'Background': 1}
1it [00:54, 54.60s/it]config.theme:  Translate
gradient:  {}
2it [01:46, 53.01s/it]config.theme:  Translate
gradient:  {'Background': 1}
3it [02:32, 49.82s/it]config.theme:  Translate
gradient:  {'Characteristic': 1, 'Topic': 1, 'Argument': 1, 'Structure': 1, 'Style': 1, 'Tone': 1, 'Sentence Type': 1, 'Audience': 1, 'Background': 1}
4it [03:25, 51.25s/it]config.theme:  Translate
gradient:  {}
5it [04:16, 50.91s/it]5it [04:16, 51.26s/it]
